[
  {
    "testCase": "fn-function-annotations-001",
    "outcome": "false-negative",
    "expectedCode": "XPST0017",
    "got": []
  },
  {
    "testCase": "fn-function-annotations-002",
    "outcome": "false-negative",
    "expectedCode": "XPST0017",
    "got": []
  },
  {
    "testCase": "fn-function-annotations-003",
    "outcome": "false-negative",
    "expectedCode": "XPST0017",
    "got": []
  },
  {
    "testCase": "fn-function-annotations-004",
    "outcome": "false-negative",
    "expectedCode": "XPST0017",
    "got": []
  }
]