[
  {
    "testCase": "fn-innermost-001",
    "outcome": "false-negative",
    "expectedCode": "XPST0017",
    "got": []
  },
  {
    "testCase": "fn-innermost-002",
    "outcome": "false-negative",
    "expectedCode": "XPST0017",
    "got": []
  },
  {
    "testCase": "fn-innermost-003",
    "outcome": "false-negative",
    "expectedCode": "XPST0017",
    "got": []
  },
  {
    "testCase": "fn-innermost-004",
    "outcome": "false-negative",
    "expectedCode": "XPST0017",
    "got": []
  }
]