[
  {
    "testCase": "fn-nilled-2",
    "outcome": "false-positive",
    "expectedCode": null,
    "got": [
      "XPST0003"
    ]
  },
  {
    "testCase": "fn-nilled-9",
    "outcome": "false-negative",
    "expectedCode": "XPST0017",
    "got": []
  },
  {
    "testCase": "K-NilledFunc-1",
    "outcome": "false-negative",
    "expectedCode": "XPST0017",
    "got": []
  },
  {
    "testCase": "K-NilledFunc-2",
    "outcome": "false-negative",
    "expectedCode": "XPST0017",
    "got": []
  }
]