[
  {
    "testCase": "K-ResolveQNameConstructFunc-1",
    "outcome": "false-negative",
    "expectedCode": "XPST0017",
    "got": []
  },
  {
    "testCase": "K-ResolveQNameConstructFunc-2",
    "outcome": "false-negative",
    "expectedCode": "XPST0017",
    "got": []
  },
  {
    "testCase": "K-ResolveQNameConstructFunc-3",
    "outcome": "false-negative",
    "expectedCode": "XPST0017",
    "got": []
  }
]