[
  {
    "testCase": "fn-string-to-codepoints1args-8",
    "outcome": "false-negative",
    "expectedCode": "XPST0017",
    "got": []
  },
  {
    "testCase": "K-StringToCodepointFunc-1",
    "outcome": "false-negative",
    "expectedCode": "XPST0017",
    "got": []
  },
  {
    "testCase": "K-StringToCodepointFunc-2",
    "outcome": "false-negative",
    "expectedCode": "XPST0017",
    "got": []
  }
]