[
  {
    "testCase": "fn-trace-1",
    "outcome": "false-negative",
    "expectedCode": "XPST0017",
    "got": []
  },
  {
    "testCase": "K-TraceFunc-1",
    "outcome": "false-negative",
    "expectedCode": "XPST0017",
    "got": []
  },
  {
    "testCase": "K-TraceFunc-2",
    "outcome": "false-negative",
    "expectedCode": "XPST0017",
    "got": []
  },
  {
    "testCase": "K-TraceFunc-3",
    "outcome": "false-negative",
    "expectedCode": "XPST0017",
    "got": []
  }
]