[
  {
    "testCase": "fn-unparsed-text-001",
    "outcome": "false-negative",
    "expectedCode": "XPST0017",
    "got": []
  },
  {
    "testCase": "fn-unparsed-text-002",
    "outcome": "false-negative",
    "expectedCode": "XPST0017",
    "got": []
  },
  {
    "testCase": "fn-unparsed-text-005",
    "outcome": "false-negative",
    "expectedCode": "XPST0017",
    "got": []
  },
  {
    "testCase": "fn-unparsed-text-006",
    "outcome": "false-negative",
    "expectedCode": "XPST0017",
    "got": []
  }
]