[
  {
    "testCase": "decimal-format-31",
    "outcome": "false-negative",
    "expectedCode": "XQST0111",
    "got": []
  },
  {
    "testCase": "decimal-format-32",
    "outcome": "false-negative",
    "expectedCode": "XQST0111",
    "got": []
  },
  {
    "testCase": "decimal-format-34",
    "outcome": "false-negative",
    "expectedCode": "XQST0114",
    "got": []
  },
  {
    "testCase": "decimal-format-35",
    "outcome": "false-negative",
    "expectedCode": "XQST0097",
    "got": []
  },
  {
    "testCase": "decimal-format-36",
    "outcome": "false-negative",
    "expectedCode": "XQST0098",
    "got": []
  },
  {
    "testCase": "decimal-format-37",
    "outcome": "false-negative",
    "expectedCode": "XQST0098",
    "got": []
  },
  {
    "testCase": "decimal-format-901err",
    "outcome": "false-negative",
    "expectedCode": "XQST0098",
    "got": []
  },
  {
    "testCase": "decimal-format-903err",
    "outcome": "false-negative",
    "expectedCode": "XQST0111",
    "got": []
  },
  {
    "testCase": "decimal-format-904err",
    "outcome": "false-negative",
    "expectedCode": "XQST0111",
    "got": []
  },
  {
    "testCase": "decimal-format-907err",
    "outcome": "false-negative",
    "expectedCode": "XQST0114",
    "got": []
  },
  {
    "testCase": "decimal-format-908err",
    "outcome": "false-negative",
    "expectedCode": "XQST0097",
    "got": []
  },
  {
    "testCase": "decimal-format-909err",
    "outcome": "false-negative",
    "expectedCode": "XQST0097",
    "got": []
  },
  {
    "testCase": "decimal-format-910err",
    "outcome": "false-negative",
    "expectedCode": "XQST0097",
    "got": []
  },
  {
    "testCase": "decimal-format-911err",
    "outcome": "false-negative",
    "expectedCode": "XQST0097",
    "got": []
  },
  {
    "testCase": "decimal-format-912err",
    "outcome": "false-negative",
    "expectedCode": "XQST0098",
    "got": []
  }
]