[
  {
    "testCase": "nametest-3",
    "outcome": "false-negative",
    "expectedCode": "XPST0081",
    "got": []
  },
  {
    "testCase": "nametest-4",
    "outcome": "false-negative",
    "expectedCode": "XPST0081",
    "got": []
  },
  {
    "testCase": "K2-NameTest-11",
    "outcome": "false-negative",
    "expectedCode": "XPST0081",
    "got": []
  },
  {
    "testCase": "K2-NameTest-35",
    "outcome": "false-negative",
    "expectedCode": "XPST0081",
    "got": []
  },
  {
    "testCase": "K2-NameTest-36",
    "outcome": "false-negative",
    "expectedCode": "XPST0081",
    "got": []
  },
  {
    "testCase": "K2-NameTest-37",
    "outcome": "false-negative",
    "expectedCode": "XPST0008",
    "got": []
  },
  {
    "testCase": "K2-NameTest-38",
    "outcome": "false-negative",
    "expectedCode": "XPST0008",
    "got": []
  },
  {
    "testCase": "K2-NameTest-39",
    "outcome": "false-negative",
    "expectedCode": "XPST0008",
    "got": []
  },
  {
    "testCase": "K2-NameTest-40",
    "outcome": "false-negative",
    "expectedCode": "XPST0008",
    "got": []
  },
  {
    "testCase": "K2-NameTest-41",
    "outcome": "false-negative",
    "expectedCode": "XPST0081",
    "got": []
  },
  {
    "testCase": "K2-NameTest-42",
    "outcome": "false-negative",
    "expectedCode": "XPST0081",
    "got": []
  },
  {
    "testCase": "K2-NameTest-43",
    "outcome": "false-negative",
    "expectedCode": "XPST0081",
    "got": []
  },
  {
    "testCase": "K2-NameTest-44",
    "outcome": "false-negative",
    "expectedCode": "XPST0081",
    "got": []
  },
  {
    "testCase": "K2-NameTest-45",
    "outcome": "false-negative",
    "expectedCode": "XPST0081",
    "got": []
  },
  {
    "testCase": "K2-NameTest-46",
    "outcome": "false-negative",
    "expectedCode": "XPST0081",
    "got": []
  },
  {
    "testCase": "K2-NameTest-66",
    "outcome": "false-negative",
    "expectedCode": "XPST0081",
    "got": []
  },
  {
    "testCase": "K2-NameTest-67",
    "outcome": "false-negative",
    "expectedCode": "XPST0081",
    "got": []
  },
  {
    "testCase": "K2-NameTest-69",
    "outcome": "false-negative",
    "expectedCode": "XPST0008",
    "got": []
  },
  {
    "testCase": "K2-NameTest-70",
    "outcome": "false-negative",
    "expectedCode": "XPST0008",
    "got": []
  },
  {
    "testCase": "K2-NameTest-72",
    "outcome": "false-negative",
    "expectedCode": "XPST0081",
    "got": []
  },
  {
    "testCase": "K2-NameTest-73",
    "outcome": "false-negative",
    "expectedCode": "XPST0081",
    "got": []
  },
  {
    "testCase": "K2-NameTest-74",
    "outcome": "false-negative",
    "expectedCode": "XPST0008",
    "got": []
  },
  {
    "testCase": "K2-NameTest-75",
    "outcome": "false-negative",
    "expectedCode": "XPST0008",
    "got": []
  },
  {
    "testCase": "K2-NameTest-87",
    "outcome": "false-negative",
    "expectedCode": "XPST0008",
    "got": []
  },
  {
    "testCase": "K2-NameTest-88",
    "outcome": "false-negative",
    "expectedCode": "XPST0008",
    "got": []
  },
  {
    "testCase": "K2-NameTest-89",
    "outcome": "false-negative",
    "expectedCode": "XPST0008",
    "got": []
  },
  {
    "testCase": "K2-NameTest-90",
    "outcome": "false-negative",
    "expectedCode": "XPST0008",
    "got": []
  }
]