[
  {
    "testCase": "currencysvg",
    "outcome": "false-positive",
    "expectedCode": null,
    "got": [
      "XPST0003"
    ]
  },
  {
    "testCase": "raytracer",
    "outcome": "false-positive",
    "expectedCode": null,
    "got": [
      "XPDY0002"
    ]
  },
  {
    "testCase": "RexParser",
    "outcome": "false-positive",
    "expectedCode": null,
    "got": [
      "XPST0003"
    ]
  }
]