[
  {
    "testCase": "rdb-queries-results-q1",
    "outcome": "false-positive",
    "expectedCode": null,
    "got": [
      "XPST0008"
    ]
  },
  {
    "testCase": "rdb-queries-results-q2",
    "outcome": "false-positive",
    "expectedCode": null,
    "got": [
      "XPST0008"
    ]
  },
  {
    "testCase": "rdb-queries-results-q3",
    "outcome": "false-positive",
    "expectedCode": null,
    "got": [
      "XPST0008"
    ]
  },
  {
    "testCase": "rdb-queries-results-q4",
    "outcome": "false-positive",
    "expectedCode": null,
    "got": [
      "XPST0008"
    ]
  },
  {
    "testCase": "rdb-queries-results-q5",
    "outcome": "false-positive",
    "expectedCode": null,
    "got": [
      "XPST0008"
    ]
  },
  {
    "testCase": "rdb-queries-results-q6",
    "outcome": "false-positive",
    "expectedCode": null,
    "got": [
      "XPST0008"
    ]
  },
  {
    "testCase": "rdb-queries-results-q7",
    "outcome": "false-positive",
    "expectedCode": null,
    "got": [
      "XPST0008"
    ]
  },
  {
    "testCase": "rdb-queries-results-q8",
    "outcome": "false-positive",
    "expectedCode": null,
    "got": [
      "XPST0008"
    ]
  },
  {
    "testCase": "rdb-queries-results-q9",
    "outcome": "false-positive",
    "expectedCode": null,
    "got": [
      "XPST0008"
    ]
  },
  {
    "testCase": "rdb-queries-results-q10",
    "outcome": "false-positive",
    "expectedCode": null,
    "got": [
      "XPST0008"
    ]
  },
  {
    "testCase": "rdb-queries-results-q11",
    "outcome": "false-positive",
    "expectedCode": null,
    "got": [
      "XPST0008"
    ]
  },
  {
    "testCase": "rdb-queries-results-q12",
    "outcome": "false-positive",
    "expectedCode": null,
    "got": [
      "XPST0008"
    ]
  },
  {
    "testCase": "rdb-queries-results-q13",
    "outcome": "false-positive",
    "expectedCode": null,
    "got": [
      "XPST0008"
    ]
  },
  {
    "testCase": "rdb-queries-results-q14",
    "outcome": "false-positive",
    "expectedCode": null,
    "got": [
      "XPST0008"
    ]
  },
  {
    "testCase": "rdb-queries-results-q15",
    "outcome": "false-positive",
    "expectedCode": null,
    "got": [
      "XPST0008"
    ]
  },
  {
    "testCase": "rdb-queries-results-q16",
    "outcome": "false-positive",
    "expectedCode": null,
    "got": [
      "XPST0008"
    ]
  },
  {
    "testCase": "rdb-queries-results-q17",
    "outcome": "false-positive",
    "expectedCode": null,
    "got": [
      "XPST0008"
    ]
  },
  {
    "testCase": "rdb-queries-results-q18",
    "outcome": "false-positive",
    "expectedCode": null,
    "got": [
      "XPST0008"
    ]
  }
]