[
  {
    "testCase": "array-sort-023",
    "outcome": "false-positive",
    "expectedCode": null,
    "got": [
      "XPST0017"
    ]
  },
  {
    "testCase": "array-sort-024",
    "outcome": "false-positive",
    "expectedCode": "XPTY0004",
    "got": [
      "XPST0017"
    ]
  },
  {
    "testCase": "array-sort-026",
    "outcome": "false-positive",
    "expectedCode": null,
    "got": [
      "XPST0017"
    ]
  }
]