[
  {
    "testCase": "EXPath-binary-unpack-double-001",
    "outcome": "false-positive",
    "expectedCode": "Q{http://expath.org/ns/binary}unknown-significance-order",
    "got": [
      "XPST0008"
    ]
  },
  {
    "testCase": "EXPath-binary-unpack-double-002",
    "outcome": "false-positive",
    "expectedCode": "Q{http://expath.org/ns/binary}index-out-of-range",
    "got": [
      "XPST0008"
    ]
  },
  {
    "testCase": "EXPath-binary-unpack-double-003",
    "outcome": "false-positive",
    "expectedCode": "Q{http://expath.org/ns/binary}index-out-of-range",
    "got": [
      "XPST0008"
    ]
  },
  {
    "testCase": "EXPath-binary-unpack-double-004",
    "outcome": "false-positive",
    "expectedCode": null,
    "got": [
      "XPST0008"
    ]
  },
  {
    "testCase": "EXPath-binary-unpack-double-005",
    "outcome": "false-positive",
    "expectedCode": null,
    "got": [
      "XPST0008"
    ]
  }
]