[
  {
    "testCase": "EXPath-binary-unpack-integer-001",
    "outcome": "false-positive",
    "expectedCode": "Q{http://expath.org/ns/binary}unknown-significance-order",
    "got": [
      "XPST0008"
    ]
  },
  {
    "testCase": "EXPath-binary-unpack-integer-002",
    "outcome": "false-positive",
    "expectedCode": null,
    "got": [
      "XPST0008"
    ]
  },
  {
    "testCase": "EXPath-binary-unpack-integer-003",
    "outcome": "false-positive",
    "expectedCode": null,
    "got": [
      "XPST0008"
    ]
  },
  {
    "testCase": "EXPath-binary-unpack-integer-004",
    "outcome": "false-positive",
    "expectedCode": null,
    "got": [
      "XPST0008"
    ]
  },
  {
    "testCase": "EXPath-binary-unpack-integer-005",
    "outcome": "false-positive",
    "expectedCode": "Q{http://expath.org/ns/binary}index-out-of-range",
    "got": [
      "XPST0008"
    ]
  },
  {
    "testCase": "EXPath-binary-unpack-integer-006",
    "outcome": "false-positive",
    "expectedCode": "Q{http://expath.org/ns/binary}negative-size",
    "got": [
      "XPST0008"
    ]
  },
  {
    "testCase": "EXPath-binary-unpack-integer-007",
    "outcome": "false-positive",
    "expectedCode": "Q{http://expath.org/ns/binary}index-out-of-range",
    "got": [
      "XPST0008"
    ]
  },
  {
    "testCase": "EXPath-binary-unpack-integer-008",
    "outcome": "false-positive",
    "expectedCode": null,
    "got": [
      "XPST0008"
    ]
  },
  {
    "testCase": "EXPath-binary-unpack-integer-009",
    "outcome": "false-positive",
    "expectedCode": null,
    "got": [
      "XPST0008"
    ]
  },
  {
    "testCase": "EXPath-binary-unpack-integer-010",
    "outcome": "false-positive",
    "expectedCode": null,
    "got": [
      "XPST0008"
    ]
  },
  {
    "testCase": "EXPath-binary-unpack-integer-012",
    "outcome": "false-positive",
    "expectedCode": null,
    "got": [
      "XPST0008"
    ]
  },
  {
    "testCase": "EXPath-binary-unpack-integer-013",
    "outcome": "false-positive",
    "expectedCode": null,
    "got": [
      "XPST0008"
    ]
  }
]