[
  {
    "testCase": "EXPath-binary-to-octets-001",
    "outcome": "false-positive",
    "expectedCode": null,
    "got": [
      "XQST0081"
    ]
  },
  {
    "testCase": "EXPath-binary-to-octets-002",
    "outcome": "false-positive",
    "expectedCode": null,
    "got": [
      "XQST0081"
    ]
  },
  {
    "testCase": "bin-to-octets1",
    "outcome": "false-positive",
    "expectedCode": null,
    "got": [
      "XQST0081"
    ]
  },
  {
    "testCase": "bin-to-octets2",
    "outcome": "false-positive",
    "expectedCode": null,
    "got": [
      "XQST0081"
    ]
  },
  {
    "testCase": "bin-to-octets3",
    "outcome": "false-positive",
    "expectedCode": null,
    "got": [
      "XQST0081"
    ]
  },
  {
    "testCase": "bin-to-octets4",
    "outcome": "false-positive",
    "expectedCode": null,
    "got": [
      "XQST0081"
    ]
  }
]