[
  {
    "testCase": "EXPath-binary-find-001",
    "outcome": "false-positive",
    "expectedCode": null,
    "got": [
      "XQST0081"
    ]
  },
  {
    "testCase": "EXPath-binary-find-002",
    "outcome": "false-positive",
    "expectedCode": null,
    "got": [
      "XQST0081"
    ]
  },
  {
    "testCase": "EXPath-binary-find-003",
    "outcome": "false-positive",
    "expectedCode": "Q{http://expath.org/ns/binary}index-out-of-range",
    "got": [
      "XQST0081"
    ]
  },
  {
    "testCase": "EXPath-binary-find-004",
    "outcome": "false-positive",
    "expectedCode": "Q{http://expath.org/ns/binary}index-out-of-range",
    "got": [
      "XQST0081"
    ]
  },
  {
    "testCase": "EXPath-binary-find-005",
    "outcome": "false-positive",
    "expectedCode": null,
    "got": [
      "XQST0081"
    ]
  },
  {
    "testCase": "EXPath-binary-find-006",
    "outcome": "false-positive",
    "expectedCode": null,
    "got": [
      "XQST0081"
    ]
  },
  {
    "testCase": "EXPath-binary-find-007",
    "outcome": "false-positive",
    "expectedCode": null,
    "got": [
      "XQST0081"
    ]
  },
  {
    "testCase": "bin-find1",
    "outcome": "false-positive",
    "expectedCode": null,
    "got": [
      "XQST0081"
    ]
  },
  {
    "testCase": "bin-find2",
    "outcome": "false-positive",
    "expectedCode": null,
    "got": [
      "XQST0081"
    ]
  },
  {
    "testCase": "bin-find3",
    "outcome": "false-positive",
    "expectedCode": null,
    "got": [
      "XQST0081"
    ]
  },
  {
    "testCase": "bin-find4",
    "outcome": "false-positive",
    "expectedCode": "Q{http://expath.org/ns/binary}index-out-of-range",
    "got": [
      "XQST0081"
    ]
  },
  {
    "testCase": "bin-find5",
    "outcome": "false-positive",
    "expectedCode": "Q{http://expath.org/ns/binary}index-out-of-range",
    "got": [
      "XQST0081"
    ]
  },
  {
    "testCase": "bin-find6",
    "outcome": "false-positive",
    "expectedCode": null,
    "got": [
      "XQST0081"
    ]
  }
]