[
  {
    "testCase": "EXPath-binary-bitwise-or-001",
    "outcome": "false-positive",
    "expectedCode": "Q{http://expath.org/ns/binary}differing-length-arguments",
    "got": [
      "XQST0081"
    ]
  },
  {
    "testCase": "EXPath-binary-bitwise-or-002",
    "outcome": "false-positive",
    "expectedCode": null,
    "got": [
      "XQST0081"
    ]
  },
  {
    "testCase": "EXPath-binary-bitwise-or-003",
    "outcome": "false-positive",
    "expectedCode": null,
    "got": [
      "XQST0081"
    ]
  },
  {
    "testCase": "EXPath-binary-bitwise-or-004",
    "outcome": "false-positive",
    "expectedCode": null,
    "got": [
      "XQST0081"
    ]
  },
  {
    "testCase": "EXPath-binary-bitwise-or-005",
    "outcome": "false-positive",
    "expectedCode": null,
    "got": [
      "XQST0081"
    ]
  },
  {
    "testCase": "EXPath-binary-bitwise-or-006",
    "outcome": "false-positive",
    "expectedCode": null,
    "got": [
      "XQST0081"
    ]
  },
  {
    "testCase": "bin-or1",
    "outcome": "false-positive",
    "expectedCode": null,
    "got": [
      "XQST0081"
    ]
  },
  {
    "testCase": "bin-or2",
    "outcome": "false-positive",
    "expectedCode": null,
    "got": [
      "XQST0081"
    ]
  },
  {
    "testCase": "bin-or3",
    "outcome": "false-positive",
    "expectedCode": null,
    "got": [
      "XQST0081"
    ]
  },
  {
    "testCase": "bin-or4",
    "outcome": "false-positive",
    "expectedCode": null,
    "got": [
      "XQST0081"
    ]
  },
  {
    "testCase": "bin-or5",
    "outcome": "false-positive",
    "expectedCode": "Q{http://expath.org/ns/binary}differing-length-arguments",
    "got": [
      "XQST0081"
    ]
  }
]