[
  {
    "testCase": "EXPath-binary-encode-string-001",
    "outcome": "false-positive",
    "expectedCode": null,
    "got": [
      "XQST0081"
    ]
  },
  {
    "testCase": "EXPath-binary-encode-string-002",
    "outcome": "false-positive",
    "expectedCode": "Q{http://expath.org/ns/binary}unknown-encoding",
    "got": [
      "XQST0081"
    ]
  },
  {
    "testCase": "EXPath-binary-encode-string-003",
    "outcome": "false-positive",
    "expectedCode": null,
    "got": [
      "XQST0081"
    ]
  },
  {
    "testCase": "EXPath-binary-encode-string-004",
    "outcome": "false-positive",
    "expectedCode": null,
    "got": [
      "XQST0081"
    ]
  },
  {
    "testCase": "EXPath-binary-encode-string-005",
    "outcome": "false-positive",
    "expectedCode": null,
    "got": [
      "XQST0081"
    ]
  },
  {
    "testCase": "EXPath-binary-encode-string-006",
    "outcome": "false-positive",
    "expectedCode": null,
    "got": [
      "XQST0081"
    ]
  },
  {
    "testCase": "EXPath-binary-encode-string-007",
    "outcome": "false-positive",
    "expectedCode": null,
    "got": [
      "XQST0081"
    ]
  },
  {
    "testCase": "EXPath-binary-encode-string-008",
    "outcome": "false-positive",
    "expectedCode": "Q{http://expath.org/ns/binary}conversion-error",
    "got": [
      "XQST0081"
    ]
  },
  {
    "testCase": "EXPath-binary-encode-string-009",
    "outcome": "false-positive",
    "expectedCode": null,
    "got": [
      "XQST0081"
    ]
  },
  {
    "testCase": "EXPath-binary-encode-string-010",
    "outcome": "false-positive",
    "expectedCode": null,
    "got": [
      "XQST0081"
    ]
  },
  {
    "testCase": "bin-encode-string1",
    "outcome": "false-positive",
    "expectedCode": null,
    "got": [
      "XQST0081"
    ]
  },
  {
    "testCase": "bin-encode-string2",
    "outcome": "false-positive",
    "expectedCode": null,
    "got": [
      "XQST0081"
    ]
  },
  {
    "testCase": "bin-encode-string3",
    "outcome": "false-positive",
    "expectedCode": null,
    "got": [
      "XQST0081"
    ]
  },
  {
    "testCase": "bin-encode-string4",
    "outcome": "false-positive",
    "expectedCode": "Q{http://expath.org/ns/binary}unknown-encoding",
    "got": [
      "XQST0081"
    ]
  },
  {
    "testCase": "bin-encode-string5",
    "outcome": "false-positive",
    "expectedCode": "Q{http://expath.org/ns/binary}conversion-error",
    "got": [
      "XQST0081"
    ]
  }
]