[
  {
    "testCase": "EXPath-binary-unpack-double-001",
    "outcome": "false-positive",
    "expectedCode": "Q{http://expath.org/ns/binary}unknown-significance-order",
    "got": [
      "XQST0081"
    ]
  },
  {
    "testCase": "EXPath-binary-unpack-double-002",
    "outcome": "false-positive",
    "expectedCode": "Q{http://expath.org/ns/binary}index-out-of-range",
    "got": [
      "XQST0081"
    ]
  },
  {
    "testCase": "EXPath-binary-unpack-double-003",
    "outcome": "false-positive",
    "expectedCode": "Q{http://expath.org/ns/binary}index-out-of-range",
    "got": [
      "XQST0081"
    ]
  },
  {
    "testCase": "EXPath-binary-unpack-double-004",
    "outcome": "false-positive",
    "expectedCode": null,
    "got": [
      "XQST0081"
    ]
  },
  {
    "testCase": "EXPath-binary-unpack-double-005",
    "outcome": "false-positive",
    "expectedCode": null,
    "got": [
      "XQST0081"
    ]
  },
  {
    "testCase": "EXPath-binary-unpack-double-006",
    "outcome": "false-positive",
    "expectedCode": null,
    "got": [
      "XQST0081"
    ]
  },
  {
    "testCase": "EXPath-binary-unpack-double-007",
    "outcome": "false-positive",
    "expectedCode": null,
    "got": [
      "XQST0081"
    ]
  },
  {
    "testCase": "EXPath-binary-unpack-double-008",
    "outcome": "false-positive",
    "expectedCode": null,
    "got": [
      "XQST0081"
    ]
  },
  {
    "testCase": "EXPath-binary-unpack-double-009",
    "outcome": "false-positive",
    "expectedCode": null,
    "got": [
      "XQST0081"
    ]
  },
  {
    "testCase": "bin-unpack-double1",
    "outcome": "false-positive",
    "expectedCode": null,
    "got": [
      "XQST0081"
    ]
  },
  {
    "testCase": "bin-unpack-double2",
    "outcome": "false-positive",
    "expectedCode": null,
    "got": [
      "XQST0081"
    ]
  },
  {
    "testCase": "bin-unpack-double3",
    "outcome": "false-positive",
    "expectedCode": null,
    "got": [
      "XQST0081"
    ]
  },
  {
    "testCase": "bin-unpack-double4",
    "outcome": "false-positive",
    "expectedCode": null,
    "got": [
      "XQST0081"
    ]
  },
  {
    "testCase": "bin-unpack-double5",
    "outcome": "false-positive",
    "expectedCode": null,
    "got": [
      "XQST0081"
    ]
  },
  {
    "testCase": "bin-unpack-double6",
    "outcome": "false-positive",
    "expectedCode": null,
    "got": [
      "XQST0081"
    ]
  },
  {
    "testCase": "bin-unpack-double7",
    "outcome": "false-positive",
    "expectedCode": null,
    "got": [
      "XQST0081"
    ]
  },
  {
    "testCase": "bin-unpack-double8",
    "outcome": "false-positive",
    "expectedCode": null,
    "got": [
      "XQST0081"
    ]
  },
  {
    "testCase": "bin-unpack-double9",
    "outcome": "false-positive",
    "expectedCode": null,
    "got": [
      "XQST0081"
    ]
  },
  {
    "testCase": "bin-unpack-double10",
    "outcome": "false-positive",
    "expectedCode": null,
    "got": [
      "XQST0081"
    ]
  },
  {
    "testCase": "bin-unpack-double11",
    "outcome": "false-positive",
    "expectedCode": null,
    "got": [
      "XQST0081"
    ]
  },
  {
    "testCase": "bin-unpack-double12",
    "outcome": "false-positive",
    "expectedCode": null,
    "got": [
      "XQST0081"
    ]
  },
  {
    "testCase": "bin-unpack-double13",
    "outcome": "false-positive",
    "expectedCode": null,
    "got": [
      "XQST0081"
    ]
  },
  {
    "testCase": "bin-unpack-double14",
    "outcome": "false-positive",
    "expectedCode": null,
    "got": [
      "XQST0081"
    ]
  },
  {
    "testCase": "bin-unpack-double15",
    "outcome": "false-positive",
    "expectedCode": "Q{http://expath.org/ns/binary}index-out-of-range",
    "got": [
      "XQST0081"
    ]
  },
  {
    "testCase": "bin-unpack-double16",
    "outcome": "false-positive",
    "expectedCode": "Q{http://expath.org/ns/binary}index-out-of-range",
    "got": [
      "XQST0081"
    ]
  },
  {
    "testCase": "bin-unpack-double17",
    "outcome": "false-positive",
    "expectedCode": "Q{http://expath.org/ns/binary}index-out-of-range",
    "got": [
      "XQST0081"
    ]
  },
  {
    "testCase": "bin-unpack-double18",
    "outcome": "false-positive",
    "expectedCode": "Q{http://expath.org/ns/binary}unknown-significance-order",
    "got": [
      "XQST0081"
    ]
  }
]