[
  {
    "testCase": "fn-error-3",
    "outcome": "false-positive",
    "expectedCode": "XPTY0004",
    "got": [
      "XPTY0004"
    ]
  },
  {
    "testCase": "fn-error-26",
    "outcome": "false-negative",
    "expectedCode": "XPST0010",
    "got": []
  },
  {
    "testCase": "fn-error-27",
    "outcome": "false-negative",
    "expectedCode": "XPST0080",
    "got": []
  },
  {
    "testCase": "fn-error-32",
    "outcome": "false-negative",
    "expectedCode": "XQST0009",
    "got": []
  },
  {
    "testCase": "fn-error-33",
    "outcome": "false-negative",
    "expectedCode": "XQST0012",
    "got": []
  },
  {
    "testCase": "fn-error-34",
    "outcome": "false-negative",
    "expectedCode": "XQST0013",
    "got": []
  },
  {
    "testCase": "fn-error-35",
    "outcome": "false-negative",
    "expectedCode": "XQST0016",
    "got": []
  },
  {
    "testCase": "fn-error-36",
    "outcome": "false-negative",
    "expectedCode": "XQST0035",
    "got": []
  },
  {
    "testCase": "fn-error-37",
    "outcome": "false-negative",
    "expectedCode": "XQST0036",
    "got": []
  },
  {
    "testCase": "fn-error-38",
    "outcome": "false-negative",
    "expectedCode": "XQST0046",
    "got": []
  },
  {
    "testCase": "fn-error-39",
    "outcome": "false-negative",
    "expectedCode": "XQST0047",
    "got": []
  },
  {
    "testCase": "fn-error-40",
    "outcome": "false-negative",
    "expectedCode": "XQST0048",
    "got": []
  },
  {
    "testCase": "fn-error-41",
    "outcome": "false-negative",
    "expectedCode": "XQST0054",
    "got": []
  },
  {
    "testCase": "fn-error-42",
    "outcome": "false-negative",
    "expectedCode": "XQST0055",
    "got": []
  },
  {
    "testCase": "fn-error-43",
    "outcome": "false-negative",
    "expectedCode": "XQST0057",
    "got": []
  },
  {
    "testCase": "fn-error-44",
    "outcome": "false-negative",
    "expectedCode": "XQST0058",
    "got": []
  },
  {
    "testCase": "fn-error-45",
    "outcome": "false-negative",
    "expectedCode": "XQST0060",
    "got": []
  },
  {
    "testCase": "fn-error-46",
    "outcome": "false-negative",
    "expectedCode": "XQST0073",
    "got": []
  },
  {
    "testCase": "fn-error-47",
    "outcome": "false-negative",
    "expectedCode": "XQST0075",
    "got": []
  },
  {
    "testCase": "fn-error-48",
    "outcome": "false-negative",
    "expectedCode": "XQST0076",
    "got": []
  },
  {
    "testCase": "fn-error-49",
    "outcome": "false-negative",
    "expectedCode": "XQST0079",
    "got": []
  },
  {
    "testCase": "fn-error-50",
    "outcome": "false-negative",
    "expectedCode": "XQST0087",
    "got": []
  }
]