[
  {
    "testCase": "filter-001",
    "outcome": "false-positive",
    "expectedCode": null,
    "got": [
      "XPTY0004"
    ]
  },
  {
    "testCase": "filter-904",
    "outcome": "false-positive",
    "expectedCode": "XPTY0004",
    "got": [
      "XPTY0004"
    ]
  },
  {
    "testCase": "fn-filter-002",
    "outcome": "false-negative",
    "expectedCode": "XPST0017",
    "got": []
  },
  {
    "testCase": "fn-filter-004",
    "outcome": "false-negative",
    "expectedCode": "XPST0017",
    "got": []
  },
  {
    "testCase": "fn-filter-025",
    "outcome": "false-positive",
    "expectedCode": null,
    "got": [
      "XPTY0004"
    ]
  },
  {
    "testCase": "fn-filter-026",
    "outcome": "false-positive",
    "expectedCode": "XPTY0004",
    "got": [
      "XPST0003"
    ]
  }
]