[
  {
    "testCase": "fn-in-scope-prefixes-2",
    "outcome": "false-positive",
    "expectedCode": "XPTY0004",
    "got": [
      "XPTY0004"
    ]
  },
  {
    "testCase": "fn-in-scope-prefixes-21",
    "outcome": "false-positive",
    "expectedCode": null,
    "got": [
      "XPTY0004"
    ]
  },
  {
    "testCase": "fn-in-scope-prefixes-23",
    "outcome": "false-positive",
    "expectedCode": "XPTY0004",
    "got": [
      "XPTY0004"
    ]
  },
  {
    "testCase": "fn-in-scope-prefixes-24",
    "outcome": "false-positive",
    "expectedCode": null,
    "got": [
      "XPTY0004"
    ]
  },
  {
    "testCase": "fn-in-scope-prefixes-25",
    "outcome": "false-positive",
    "expectedCode": null,
    "got": [
      "XPTY0004"
    ]
  },
  {
    "testCase": "fn-in-scope-prefixes-26",
    "outcome": "false-positive",
    "expectedCode": null,
    "got": [
      "XPTY0004"
    ]
  },
  {
    "testCase": "fn-in-scope-prefixes-27",
    "outcome": "false-positive",
    "expectedCode": null,
    "got": [
      "XPTY0004"
    ]
  },
  {
    "testCase": "fn-in-scope-prefixes-28",
    "outcome": "false-positive",
    "expectedCode": null,
    "got": [
      "XPTY0004"
    ]
  },
  {
    "testCase": "fn-in-scope-prefixes-29",
    "outcome": "false-positive",
    "expectedCode": null,
    "got": [
      "XPTY0004"
    ]
  },
  {
    "testCase": "fn-in-scope-prefixes-30",
    "outcome": "false-positive",
    "expectedCode": null,
    "got": [
      "XPTY0004"
    ]
  },
  {
    "testCase": "K2-InScopePrefixesFunc-3",
    "outcome": "false-positive",
    "expectedCode": "XPTY0004",
    "got": [
      "XPTY0004"
    ]
  },
  {
    "testCase": "K2-InScopePrefixesFunc-4",
    "outcome": "false-positive",
    "expectedCode": "XPTY0004",
    "got": [
      "XPTY0004"
    ]
  },
  {
    "testCase": "K2-InScopePrefixesFunc-9",
    "outcome": "false-positive",
    "expectedCode": null,
    "got": [
      "XPTY0004"
    ]
  },
  {
    "testCase": "K2-InScopePrefixesFunc-13",
    "outcome": "false-positive",
    "expectedCode": null,
    "got": [
      "XPTY0004"
    ]
  },
  {
    "testCase": "K2-InScopePrefixesFunc-15",
    "outcome": "false-positive",
    "expectedCode": null,
    "got": [
      "XPTY0004"
    ]
  }
]