[
  {
    "testCase": "fn-in-scope-prefixes-2",
    "outcome": "false-positive",
    "expectedCode": "XPTY0004",
    "got": [
      "XPTY0004"
    ]
  },
  {
    "testCase": "K2-InScopePrefixesFunc-3",
    "outcome": "false-positive",
    "expectedCode": "XPTY0004",
    "got": [
      "XPTY0004"
    ]
  },
  {
    "testCase": "K2-InScopePrefixesFunc-4",
    "outcome": "false-positive",
    "expectedCode": "XPTY0004",
    "got": [
      "XPTY0004"
    ]
  }
]