[
  {
    "testCase": "json-doc-001",
    "outcome": "false-positive",
    "expectedCode": null,
    "got": [
      "XPST0017"
    ]
  },
  {
    "testCase": "json-doc-002",
    "outcome": "false-positive",
    "expectedCode": null,
    "got": [
      "XPST0017"
    ]
  },
  {
    "testCase": "json-doc-003",
    "outcome": "false-positive",
    "expectedCode": null,
    "got": [
      "XPST0017"
    ]
  },
  {
    "testCase": "json-doc-004",
    "outcome": "false-positive",
    "expectedCode": null,
    "got": [
      "XPST0017"
    ]
  },
  {
    "testCase": "json-doc-005",
    "outcome": "false-positive",
    "expectedCode": null,
    "got": [
      "XPST0017"
    ]
  },
  {
    "testCase": "json-doc-006",
    "outcome": "false-positive",
    "expectedCode": null,
    "got": [
      "XPST0017"
    ]
  },
  {
    "testCase": "json-doc-007",
    "outcome": "false-positive",
    "expectedCode": null,
    "got": [
      "XPST0017"
    ]
  },
  {
    "testCase": "json-doc-008",
    "outcome": "false-positive",
    "expectedCode": null,
    "got": [
      "XPST0017"
    ]
  },
  {
    "testCase": "json-doc-009",
    "outcome": "false-positive",
    "expectedCode": null,
    "got": [
      "XPST0017"
    ]
  },
  {
    "testCase": "json-doc-010",
    "outcome": "false-positive",
    "expectedCode": null,
    "got": [
      "XPST0017"
    ]
  },
  {
    "testCase": "json-doc-011",
    "outcome": "false-positive",
    "expectedCode": null,
    "got": [
      "XPST0017"
    ]
  },
  {
    "testCase": "json-doc-012",
    "outcome": "false-positive",
    "expectedCode": null,
    "got": [
      "XPST0017"
    ]
  },
  {
    "testCase": "json-doc-013",
    "outcome": "false-positive",
    "expectedCode": null,
    "got": [
      "XPST0017"
    ]
  },
  {
    "testCase": "json-doc-018",
    "outcome": "false-positive",
    "expectedCode": null,
    "got": [
      "XPST0017"
    ]
  },
  {
    "testCase": "json-doc-019",
    "outcome": "false-positive",
    "expectedCode": null,
    "got": [
      "XPST0017"
    ]
  },
  {
    "testCase": "json-doc-020",
    "outcome": "false-positive",
    "expectedCode": null,
    "got": [
      "XPST0017"
    ]
  },
  {
    "testCase": "json-doc-021",
    "outcome": "false-positive",
    "expectedCode": null,
    "got": [
      "XPST0017"
    ]
  },
  {
    "testCase": "json-doc-022",
    "outcome": "false-positive",
    "expectedCode": null,
    "got": [
      "XPST0017"
    ]
  },
  {
    "testCase": "json-doc-023",
    "outcome": "false-positive",
    "expectedCode": null,
    "got": [
      "XPST0017"
    ]
  },
  {
    "testCase": "json-doc-025",
    "outcome": "false-positive",
    "expectedCode": null,
    "got": [
      "XPST0017"
    ]
  },
  {
    "testCase": "json-doc-026",
    "outcome": "false-positive",
    "expectedCode": null,
    "got": [
      "XPST0017"
    ]
  },
  {
    "testCase": "json-doc-027",
    "outcome": "false-positive",
    "expectedCode": "FOJS0005",
    "got": [
      "XPST0017"
    ]
  },
  {
    "testCase": "json-doc-028",
    "outcome": "false-positive",
    "expectedCode": null,
    "got": [
      "XPST0017"
    ]
  },
  {
    "testCase": "json-doc-029",
    "outcome": "false-positive",
    "expectedCode": null,
    "got": [
      "XPST0017"
    ]
  },
  {
    "testCase": "json-doc-030",
    "outcome": "false-positive",
    "expectedCode": null,
    "got": [
      "XPST0017"
    ]
  },
  {
    "testCase": "json-doc-031",
    "outcome": "false-positive",
    "expectedCode": null,
    "got": [
      "XPST0017"
    ]
  },
  {
    "testCase": "json-doc-032",
    "outcome": "false-positive",
    "expectedCode": null,
    "got": [
      "XPST0017"
    ]
  },
  {
    "testCase": "json-doc-033",
    "outcome": "false-positive",
    "expectedCode": null,
    "got": [
      "XPST0017"
    ]
  },
  {
    "testCase": "json-doc-034",
    "outcome": "false-positive",
    "expectedCode": null,
    "got": [
      "XPST0017"
    ]
  },
  {
    "testCase": "json-doc-035",
    "outcome": "false-positive",
    "expectedCode": null,
    "got": [
      "XPST0017"
    ]
  },
  {
    "testCase": "json-doc-036",
    "outcome": "false-positive",
    "expectedCode": null,
    "got": [
      "XPST0017"
    ]
  },
  {
    "testCase": "json-doc-039",
    "outcome": "false-positive",
    "expectedCode": null,
    "got": [
      "XPST0017"
    ]
  },
  {
    "testCase": "json-doc-042",
    "outcome": "false-positive",
    "expectedCode": "FOJS0003",
    "got": [
      "XPST0017"
    ]
  },
  {
    "testCase": "json-doc-043",
    "outcome": "false-positive",
    "expectedCode": null,
    "got": [
      "XPST0017"
    ]
  },
  {
    "testCase": "json-doc-044",
    "outcome": "false-positive",
    "expectedCode": null,
    "got": [
      "XPST0017"
    ]
  },
  {
    "testCase": "json-doc-error-002",
    "outcome": "false-positive",
    "expectedCode": "FOJS0001",
    "got": [
      "XPST0017"
    ]
  },
  {
    "testCase": "json-doc-error-003",
    "outcome": "false-positive",
    "expectedCode": "FOJS0001",
    "got": [
      "XPST0017"
    ]
  },
  {
    "testCase": "json-doc-error-004",
    "outcome": "false-positive",
    "expectedCode": "FOJS0001",
    "got": [
      "XPST0017"
    ]
  },
  {
    "testCase": "json-doc-error-005",
    "outcome": "false-positive",
    "expectedCode": "FOJS0001",
    "got": [
      "XPST0017"
    ]
  },
  {
    "testCase": "json-doc-error-006",
    "outcome": "false-positive",
    "expectedCode": "FOJS0001",
    "got": [
      "XPST0017"
    ]
  },
  {
    "testCase": "json-doc-error-007",
    "outcome": "false-positive",
    "expectedCode": "FOJS0001",
    "got": [
      "XPST0017"
    ]
  },
  {
    "testCase": "json-doc-error-008",
    "outcome": "false-positive",
    "expectedCode": "FOJS0001",
    "got": [
      "XPST0017"
    ]
  },
  {
    "testCase": "json-doc-error-009",
    "outcome": "false-positive",
    "expectedCode": "FOJS0001",
    "got": [
      "XPST0017"
    ]
  },
  {
    "testCase": "json-doc-error-010",
    "outcome": "false-positive",
    "expectedCode": "FOJS0001",
    "got": [
      "XPST0017"
    ]
  },
  {
    "testCase": "json-doc-error-011",
    "outcome": "false-positive",
    "expectedCode": "FOJS0001",
    "got": [
      "XPST0017"
    ]
  },
  {
    "testCase": "json-doc-error-012",
    "outcome": "false-positive",
    "expectedCode": "XPTY0004",
    "got": [
      "XPST0017"
    ]
  },
  {
    "testCase": "json-doc-error-013",
    "outcome": "false-positive",
    "expectedCode": "XPTY0004",
    "got": [
      "XPST0017"
    ]
  },
  {
    "testCase": "json-doc-error-014",
    "outcome": "false-positive",
    "expectedCode": "XPTY0004",
    "got": [
      "XPST0017"
    ]
  },
  {
    "testCase": "json-doc-error-015",
    "outcome": "false-positive",
    "expectedCode": "XPTY0004",
    "got": [
      "XPST0017"
    ]
  },
  {
    "testCase": "json-doc-error-016",
    "outcome": "false-positive",
    "expectedCode": "XPTY0004",
    "got": [
      "XPST0017"
    ]
  },
  {
    "testCase": "json-doc-error-017",
    "outcome": "false-positive",
    "expectedCode": "FOJS0001",
    "got": [
      "XPST0017"
    ]
  },
  {
    "testCase": "json-doc-error-018",
    "outcome": "false-positive",
    "expectedCode": "FOJS0001",
    "got": [
      "XPST0017"
    ]
  },
  {
    "testCase": "json-doc-error-019",
    "outcome": "false-positive",
    "expectedCode": "FOJS0001",
    "got": [
      "XPST0017"
    ]
  },
  {
    "testCase": "json-doc-error-020",
    "outcome": "false-positive",
    "expectedCode": "FOJS0001",
    "got": [
      "XPST0017"
    ]
  },
  {
    "testCase": "json-doc-error-021",
    "outcome": "false-positive",
    "expectedCode": "FOJS0003",
    "got": [
      "XPST0017"
    ]
  },
  {
    "testCase": "json-doc-error-022",
    "outcome": "false-positive",
    "expectedCode": "FOJS0005",
    "got": [
      "XPST0017"
    ]
  },
  {
    "testCase": "json-doc-error-023",
    "outcome": "false-positive",
    "expectedCode": "FOJS0001",
    "got": [
      "XPST0017"
    ]
  },
  {
    "testCase": "json-doc-error-024",
    "outcome": "false-positive",
    "expectedCode": "FOJS0001",
    "got": [
      "XPST0017"
    ]
  },
  {
    "testCase": "json-doc-error-025",
    "outcome": "false-positive",
    "expectedCode": "FOJS0001",
    "got": [
      "XPST0017"
    ]
  },
  {
    "testCase": "json-doc-error-026",
    "outcome": "false-positive",
    "expectedCode": "XPTY0004",
    "got": [
      "XPST0017"
    ]
  },
  {
    "testCase": "json-doc-error-027",
    "outcome": "false-positive",
    "expectedCode": "FOJS0003",
    "got": [
      "XPST0017"
    ]
  },
  {
    "testCase": "json-doc-error-028",
    "outcome": "false-positive",
    "expectedCode": "FOUT1170",
    "got": [
      "XPST0017"
    ]
  },
  {
    "testCase": "json-doc-error-029",
    "outcome": "false-positive",
    "expectedCode": "FOUT1170",
    "got": [
      "XPST0017"
    ]
  },
  {
    "testCase": "json-doc-error-030",
    "outcome": "false-positive",
    "expectedCode": "FOUT1170",
    "got": [
      "XPST0017"
    ]
  },
  {
    "testCase": "json-doc-error-031",
    "outcome": "false-positive",
    "expectedCode": "FOUT1170",
    "got": [
      "XPST0017"
    ]
  },
  {
    "testCase": "json-doc-error-032",
    "outcome": "false-positive",
    "expectedCode": "FOUT1170",
    "got": [
      "XPST0017"
    ]
  }
]