[
  {
    "testCase": "parse-xml-001",
    "outcome": "false-positive",
    "expectedCode": null,
    "got": [
      "XPST0017"
    ]
  },
  {
    "testCase": "parse-xml-004",
    "outcome": "false-positive",
    "expectedCode": "FODC0006",
    "got": [
      "XPST0017"
    ]
  },
  {
    "testCase": "parse-xml-005",
    "outcome": "false-positive",
    "expectedCode": null,
    "got": [
      "XPST0017"
    ]
  },
  {
    "testCase": "parse-xml-006",
    "outcome": "false-positive",
    "expectedCode": null,
    "got": [
      "XPST0017"
    ]
  },
  {
    "testCase": "parse-xml-007",
    "outcome": "false-positive",
    "expectedCode": null,
    "got": [
      "XPST0017"
    ]
  },
  {
    "testCase": "parse-xml-008",
    "outcome": "false-positive",
    "expectedCode": null,
    "got": [
      "XPST0017"
    ]
  },
  {
    "testCase": "parse-xml-009",
    "outcome": "false-positive",
    "expectedCode": null,
    "got": [
      "XPST0017"
    ]
  },
  {
    "testCase": "parse-xml-010",
    "outcome": "false-positive",
    "expectedCode": null,
    "got": [
      "XPST0017"
    ]
  },
  {
    "testCase": "parse-xml-011",
    "outcome": "false-positive",
    "expectedCode": null,
    "got": [
      "XPST0017"
    ]
  },
  {
    "testCase": "parse-xml-014",
    "outcome": "false-positive",
    "expectedCode": null,
    "got": [
      "XPST0017"
    ]
  },
  {
    "testCase": "parse-xml-015",
    "outcome": "false-positive",
    "expectedCode": "FODC0006",
    "got": [
      "XPST0017"
    ]
  },
  {
    "testCase": "parse-xml-016",
    "outcome": "false-positive",
    "expectedCode": null,
    "got": [
      "XPST0017"
    ]
  },
  {
    "testCase": "parse-xml-017",
    "outcome": "false-positive",
    "expectedCode": null,
    "got": [
      "XPST0017"
    ]
  },
  {
    "testCase": "parse-xml-018",
    "outcome": "false-positive",
    "expectedCode": null,
    "got": [
      "XPST0017"
    ]
  }
]