[
  {
    "testCase": "K-SeqRemoveFunc-25",
    "outcome": "false-positive",
    "expectedCode": "XPTY0004",
    "got": [
      "XPTY0004"
    ]
  },
  {
    "testCase": "K-SeqRemoveFunc-26",
    "outcome": "false-positive",
    "expectedCode": "XPTY0004",
    "got": [
      "XPTY0004"
    ]
  },
  {
    "testCase": "K-SeqRemoveFunc-27",
    "outcome": "false-positive",
    "expectedCode": "XPTY0004",
    "got": [
      "XPTY0004"
    ]
  }
]