[
  {
    "testCase": "fn-transform-1",
    "outcome": "false-positive",
    "expectedCode": null,
    "got": [
      "XPST0008"
    ]
  },
  {
    "testCase": "fn-transform-1a",
    "outcome": "false-positive",
    "expectedCode": null,
    "got": [
      "XPST0008"
    ]
  },
  {
    "testCase": "fn-transform-1b",
    "outcome": "false-positive",
    "expectedCode": null,
    "got": [
      "XPST0008"
    ]
  },
  {
    "testCase": "fn-transform-1c",
    "outcome": "false-positive",
    "expectedCode": null,
    "got": [
      "XPST0008"
    ]
  },
  {
    "testCase": "fn-transform-1d",
    "outcome": "false-positive",
    "expectedCode": null,
    "got": [
      "XPST0008"
    ]
  },
  {
    "testCase": "fn-transform-1e",
    "outcome": "false-positive",
    "expectedCode": null,
    "got": [
      "XPST0008"
    ]
  },
  {
    "testCase": "fn-transform-3",
    "outcome": "false-positive",
    "expectedCode": null,
    "got": [
      "XPST0008"
    ]
  },
  {
    "testCase": "fn-transform-3a",
    "outcome": "false-positive",
    "expectedCode": null,
    "got": [
      "XPST0008"
    ]
  },
  {
    "testCase": "fn-transform-14",
    "outcome": "false-positive",
    "expectedCode": null,
    "got": [
      "XPST0008"
    ]
  },
  {
    "testCase": "fn-transform-16",
    "outcome": "false-positive",
    "expectedCode": null,
    "got": [
      "XPST0008"
    ]
  },
  {
    "testCase": "fn-transform-17",
    "outcome": "false-positive",
    "expectedCode": null,
    "got": [
      "XPST0008"
    ]
  },
  {
    "testCase": "fn-transform-23",
    "outcome": "false-positive",
    "expectedCode": null,
    "got": [
      "XPST0008"
    ]
  },
  {
    "testCase": "fn-transform-24",
    "outcome": "false-positive",
    "expectedCode": null,
    "got": [
      "XPST0008"
    ]
  },
  {
    "testCase": "fn-transform-25",
    "outcome": "false-positive",
    "expectedCode": null,
    "got": [
      "XPST0008"
    ]
  },
  {
    "testCase": "fn-transform-28",
    "outcome": "false-positive",
    "expectedCode": null,
    "got": [
      "XPST0008"
    ]
  },
  {
    "testCase": "fn-transform-29",
    "outcome": "false-positive",
    "expectedCode": null,
    "got": [
      "XPST0008"
    ]
  },
  {
    "testCase": "fn-transform-30",
    "outcome": "false-positive",
    "expectedCode": null,
    "got": [
      "XPST0008"
    ]
  },
  {
    "testCase": "fn-transform-34",
    "outcome": "false-positive",
    "expectedCode": null,
    "got": [
      "XPST0008"
    ]
  },
  {
    "testCase": "fn-transform-35",
    "outcome": "false-positive",
    "expectedCode": null,
    "got": [
      "XPST0008"
    ]
  },
  {
    "testCase": "fn-transform-36",
    "outcome": "false-positive",
    "expectedCode": null,
    "got": [
      "XPST0008"
    ]
  },
  {
    "testCase": "fn-transform-36a",
    "outcome": "false-positive",
    "expectedCode": null,
    "got": [
      "XPST0008"
    ]
  },
  {
    "testCase": "fn-transform-38",
    "outcome": "false-positive",
    "expectedCode": null,
    "got": [
      "XPST0008"
    ]
  },
  {
    "testCase": "fn-transform-39",
    "outcome": "false-positive",
    "expectedCode": null,
    "got": [
      "XPST0008"
    ]
  },
  {
    "testCase": "fn-transform-40",
    "outcome": "false-positive",
    "expectedCode": null,
    "got": [
      "XPST0008"
    ]
  },
  {
    "testCase": "fn-transform-42",
    "outcome": "false-positive",
    "expectedCode": null,
    "got": [
      "XPST0008"
    ]
  },
  {
    "testCase": "fn-transform-43",
    "outcome": "false-positive",
    "expectedCode": null,
    "got": [
      "XPST0008"
    ]
  },
  {
    "testCase": "fn-transform-45",
    "outcome": "false-positive",
    "expectedCode": null,
    "got": [
      "XPST0008"
    ]
  },
  {
    "testCase": "fn-transform-46",
    "outcome": "false-positive",
    "expectedCode": null,
    "got": [
      "XPST0008"
    ]
  },
  {
    "testCase": "fn-transform-47",
    "outcome": "false-positive",
    "expectedCode": null,
    "got": [
      "XPST0008"
    ]
  },
  {
    "testCase": "fn-transform-82a",
    "outcome": "false-positive",
    "expectedCode": null,
    "got": [
      "XPST0008"
    ]
  },
  {
    "testCase": "fn-transform-82b",
    "outcome": "false-positive",
    "expectedCode": null,
    "got": [
      "XPST0008"
    ]
  },
  {
    "testCase": "fn-transform-82c",
    "outcome": "false-positive",
    "expectedCode": null,
    "got": [
      "XPST0008"
    ]
  },
  {
    "testCase": "fn-transform-82d",
    "outcome": "false-positive",
    "expectedCode": null,
    "got": [
      "XPST0008"
    ]
  },
  {
    "testCase": "fn-transform-83",
    "outcome": "false-positive",
    "expectedCode": null,
    "got": [
      "XPST0008"
    ]
  },
  {
    "testCase": "fn-transform-err-2",
    "outcome": "false-positive",
    "expectedCode": "FOXT0002",
    "got": [
      "XPST0008"
    ]
  },
  {
    "testCase": "fn-transform-err-3",
    "outcome": "false-positive",
    "expectedCode": "FOXT0002",
    "got": [
      "XPST0008"
    ]
  },
  {
    "testCase": "fn-transform-err-8",
    "outcome": "false-positive",
    "expectedCode": null,
    "got": [
      "XPST0008"
    ]
  },
  {
    "testCase": "fn-transform-err-13",
    "outcome": "false-positive",
    "expectedCode": "FOXT0002",
    "got": [
      "XPST0008"
    ]
  },
  {
    "testCase": "fn-transform-err-14",
    "outcome": "false-positive",
    "expectedCode": "FOXT0002",
    "got": [
      "XPST0008"
    ]
  },
  {
    "testCase": "fn-transform-err-17",
    "outcome": "false-positive",
    "expectedCode": "FOXT0002",
    "got": [
      "XPST0008"
    ]
  },
  {
    "testCase": "fn-transform-err-18",
    "outcome": "false-positive",
    "expectedCode": "FOXT0002",
    "got": [
      "XPST0008"
    ]
  }
]