[
  {
    "testCase": "fn-trace-22",
    "outcome": "false-positive",
    "expectedCode": null,
    "got": [
      "XPST0017"
    ]
  },
  {
    "testCase": "fn-trace-23",
    "outcome": "false-positive",
    "expectedCode": null,
    "got": [
      "XPST0017"
    ]
  },
  {
    "testCase": "fn-trace-24",
    "outcome": "false-positive",
    "expectedCode": null,
    "got": [
      "XPST0017"
    ]
  }
]