[
  {
    "testCase": "FTWindow-words1",
    "outcome": "false-positive",
    "expectedCode": null,
    "got": [
      "XPST0003"
    ]
  },
  {
    "testCase": "FTWindow-words2",
    "outcome": "false-positive",
    "expectedCode": null,
    "got": [
      "XPST0003"
    ]
  },
  {
    "testCase": "FTWindow-words3",
    "outcome": "false-positive",
    "expectedCode": null,
    "got": [
      "XPST0003"
    ]
  },
  {
    "testCase": "FTWindow-words4",
    "outcome": "false-positive",
    "expectedCode": null,
    "got": [
      "XPST0003"
    ]
  },
  {
    "testCase": "FTWindow-complexwords1",
    "outcome": "false-positive",
    "expectedCode": null,
    "got": [
      "XPST0003"
    ]
  },
  {
    "testCase": "FTWindow-complexwords2",
    "outcome": "false-positive",
    "expectedCode": null,
    "got": [
      "XPST0003"
    ]
  },
  {
    "testCase": "FTWindow-badwords2",
    "outcome": "false-positive",
    "expectedCode": "XPTY0004",
    "got": [
      "XPST0003"
    ]
  },
  {
    "testCase": "FTWindow-badwords3",
    "outcome": "false-positive",
    "expectedCode": "XPTY0004",
    "got": [
      "XPST0003"
    ]
  },
  {
    "testCase": "FTWindow-badwords4",
    "outcome": "false-positive",
    "expectedCode": "XPTY0004",
    "got": [
      "XPST0003"
    ]
  },
  {
    "testCase": "FTWindow-badwords5",
    "outcome": "false-positive",
    "expectedCode": "XPTY0004",
    "got": [
      "XPST0003"
    ]
  }
]