[
  {
    "testCase": "FTNot-q2",
    "outcome": "false-positive",
    "expectedCode": null,
    "got": [
      "XPST0003"
    ]
  },
  {
    "testCase": "FTNot-q4",
    "outcome": "false-positive",
    "expectedCode": null,
    "got": [
      "XPST0003"
    ]
  },
  {
    "testCase": "FTNot-q5",
    "outcome": "false-positive",
    "expectedCode": null,
    "got": [
      "XPST0003"
    ]
  },
  {
    "testCase": "FTNot-q7",
    "outcome": "false-positive",
    "expectedCode": null,
    "got": [
      "XPST0003"
    ]
  }
]