[
  {
    "testCase": "ft-3.4.1-expressions-q3",
    "outcome": "false-positive",
    "expectedCode": null,
    "got": [
      "XPST0003"
    ]
  },
  {
    "testCase": "ft-3.4.1-expressions-q4",
    "outcome": "false-positive",
    "expectedCode": "FTST0009",
    "got": [
      "XPST0003"
    ]
  }
]