[
  {
    "testCase": "FTDistance-unconstrained-complexwords4",
    "outcome": "false-positive",
    "expectedCode": null,
    "got": [
      "XPST0003"
    ]
  },
  {
    "testCase": "FTDistance-unconstrained-complexwords5",
    "outcome": "false-positive",
    "expectedCode": null,
    "got": [
      "XPST0003"
    ]
  },
  {
    "testCase": "FTDistance-unconstrained-complexexpr1",
    "outcome": "false-positive",
    "expectedCode": null,
    "got": [
      "XPST0003"
    ]
  },
  {
    "testCase": "FTDistance-unconstrained-complexexpr2",
    "outcome": "false-positive",
    "expectedCode": null,
    "got": [
      "XPST0003"
    ]
  },
  {
    "testCase": "FTDistance-unconstrained-complexexpr3",
    "outcome": "false-positive",
    "expectedCode": null,
    "got": [
      "XPST0003"
    ]
  }
]