[
  {
    "testCase": "ft-3.4.2-expressions-q1",
    "outcome": "false-positive",
    "expectedCode": null,
    "got": [
      "XPST0003"
    ]
  },
  {
    "testCase": "ft-3.4.2-expressions-q3",
    "outcome": "false-positive",
    "expectedCode": null,
    "got": [
      "XPST0003"
    ]
  },
  {
    "testCase": "ft-3.4.2-expressions-q4",
    "outcome": "false-positive",
    "expectedCode": null,
    "got": [
      "XPST0003"
    ]
  },
  {
    "testCase": "ft-3.4.2-expressions-q6",
    "outcome": "false-positive",
    "expectedCode": null,
    "got": [
      "XPST0003"
    ]
  },
  {
    "testCase": "ft-3.4.2-expressions-q7",
    "outcome": "false-positive",
    "expectedCode": null,
    "got": [
      "XPST0003"
    ]
  },
  {
    "testCase": "ft-3.4.2-expressions-q8",
    "outcome": "false-positive",
    "expectedCode": null,
    "got": [
      "XPST0003"
    ]
  },
  {
    "testCase": "ft-3.4.2-expressions-q9",
    "outcome": "false-positive",
    "expectedCode": null,
    "got": [
      "XPST0003"
    ]
  },
  {
    "testCase": "ft-3.4.2-expressions-q10",
    "outcome": "false-positive",
    "expectedCode": null,
    "got": [
      "XPST0003"
    ]
  },
  {
    "testCase": "ft-3.4.2-expressions-q11",
    "outcome": "false-positive",
    "expectedCode": null,
    "got": [
      "XPST0003"
    ]
  },
  {
    "testCase": "ft-3.4.2-expressions-q12",
    "outcome": "false-positive",
    "expectedCode": null,
    "got": [
      "XPST0003"
    ]
  },
  {
    "testCase": "ft-3.4.2-expressions-q13",
    "outcome": "false-positive",
    "expectedCode": null,
    "got": [
      "XPST0003"
    ]
  },
  {
    "testCase": "ft-3.4.2-expressions-q14",
    "outcome": "false-positive",
    "expectedCode": null,
    "got": [
      "XPST0003"
    ]
  },
  {
    "testCase": "ft-3.4.2-expressions-q15",
    "outcome": "false-positive",
    "expectedCode": "FTDY0020",
    "got": [
      "XPST0003"
    ]
  },
  {
    "testCase": "ft-3.4.2-expressions-q16",
    "outcome": "false-positive",
    "expectedCode": "FTDY0020",
    "got": [
      "XPST0003"
    ]
  },
  {
    "testCase": "ft-3.4.2-expressions-q17",
    "outcome": "false-positive",
    "expectedCode": "FTDY0020",
    "got": [
      "XPST0003"
    ]
  },
  {
    "testCase": "ft-3.4.2-expressions-q18",
    "outcome": "false-positive",
    "expectedCode": null,
    "got": [
      "XPST0003"
    ]
  },
  {
    "testCase": "ft-3.4.2-expressions-q19",
    "outcome": "false-positive",
    "expectedCode": null,
    "got": [
      "XPST0003"
    ]
  },
  {
    "testCase": "ft-3.4.2-expressions-q20",
    "outcome": "false-positive",
    "expectedCode": null,
    "got": [
      "XPST0003"
    ]
  }
]