[
  {
    "testCase": "ForScoreExpr-unconstrained-1",
    "outcome": "false-positive",
    "expectedCode": null,
    "got": [
      "XPST0003"
    ]
  },
  {
    "testCase": "ForScoreExpr-unconstrained-2",
    "outcome": "false-positive",
    "expectedCode": null,
    "got": [
      "XPST0003"
    ]
  },
  {
    "testCase": "ForScoreExpr-unconstrained-3",
    "outcome": "false-positive",
    "expectedCode": null,
    "got": [
      "XPST0003"
    ]
  },
  {
    "testCase": "ForScoreExpr-unconstrained-4",
    "outcome": "false-positive",
    "expectedCode": null,
    "got": [
      "XPST0003"
    ]
  },
  {
    "testCase": "ForScoreExpr-unconstrained-5",
    "outcome": "false-positive",
    "expectedCode": null,
    "got": [
      "XPST0003"
    ]
  },
  {
    "testCase": "ForScoreExpr-unconstrained-Var1",
    "outcome": "false-positive",
    "expectedCode": null,
    "got": [
      "XPST0003"
    ]
  },
  {
    "testCase": "ForScoreExpr-unconstrained-Var2",
    "outcome": "false-positive",
    "expectedCode": null,
    "got": [
      "XPST0003"
    ]
  },
  {
    "testCase": "ForScoreExpr-unconstrained-Var3",
    "outcome": "false-positive",
    "expectedCode": null,
    "got": [
      "XPST0003"
    ]
  },
  {
    "testCase": "LetScoreExpr-unconstrained-1",
    "outcome": "false-positive",
    "expectedCode": null,
    "got": [
      "XPST0003"
    ]
  },
  {
    "testCase": "LetScoreExpr-unconstrained-3",
    "outcome": "false-positive",
    "expectedCode": null,
    "got": [
      "XPST0003"
    ]
  }
]