[
  {
    "testCase": "ignore-queries-results-q1",
    "outcome": "false-positive",
    "expectedCode": null,
    "got": [
      "XPST0003"
    ]
  },
  {
    "testCase": "ignore-queries-results-q1b",
    "outcome": "false-positive",
    "expectedCode": null,
    "got": [
      "XPST0003"
    ]
  },
  {
    "testCase": "ignore-queries-results-q2",
    "outcome": "false-positive",
    "expectedCode": null,
    "got": [
      "XPST0003"
    ]
  },
  {
    "testCase": "ignore-queries-results-q2b",
    "outcome": "false-positive",
    "expectedCode": null,
    "got": [
      "XPST0003"
    ]
  },
  {
    "testCase": "ignore-queries-results-q3",
    "outcome": "false-positive",
    "expectedCode": null,
    "got": [
      "XPST0003"
    ]
  },
  {
    "testCase": "ignore-queries-results-q3b",
    "outcome": "false-positive",
    "expectedCode": null,
    "got": [
      "XPST0003"
    ]
  },
  {
    "testCase": "ignore-queries-results-q4",
    "outcome": "false-positive",
    "expectedCode": null,
    "got": [
      "XPST0003"
    ]
  },
  {
    "testCase": "ignore-queries-results-q4b",
    "outcome": "false-positive",
    "expectedCode": null,
    "got": [
      "XPST0003"
    ]
  }
]