[
  {
    "testCase": "K2-LetExprWithout-3",
    "outcome": "false-positive",
    "expectedCode": "XPDY0002",
    "got": [
      "XPDY0002"
    ]
  },
  {
    "testCase": "K2-LetExprWithout-4",
    "outcome": "false-positive",
    "expectedCode": "XPDY0002",
    "got": [
      "XPDY0002"
    ]
  },
  {
    "testCase": "K2-LetExprWithout-5",
    "outcome": "false-positive",
    "expectedCode": "XPDY0002",
    "got": [
      "XPDY0002"
    ]
  }
]