[
  {
    "testCase": "LetExpr020a",
    "outcome": "false-negative",
    "expectedCode": "XPST0003",
    "got": []
  },
  {
    "testCase": "LetExpr021",
    "outcome": "false-negative",
    "expectedCode": "XPST0008",
    "got": []
  },
  {
    "testCase": "LetExpr023",
    "outcome": "false-negative",
    "expectedCode": "XPST0003",
    "got": []
  },
  {
    "testCase": "LetExpr024",
    "outcome": "false-negative",
    "expectedCode": "XPST0003",
    "got": []
  },
  {
    "testCase": "K-LetExprWithout-1",
    "outcome": "false-negative",
    "expectedCode": "XPST0008",
    "got": []
  },
  {
    "testCase": "K2-LetExprWithout-20",
    "outcome": "false-positive",
    "expectedCode": null,
    "got": [
      "XPTY0004"
    ]
  },
  {
    "testCase": "let-arr-015a",
    "outcome": "false-positive",
    "expectedCode": "FOAY0001",
    "got": [
      "XPST0003"
    ]
  }
]