[
  {
    "testCase": "ForExpr024",
    "outcome": "false-negative",
    "expectedCode": "XQST0089",
    "got": []
  },
  {
    "testCase": "ForExpr031",
    "outcome": "false-negative",
    "expectedCode": "XQST0089",
    "got": []
  },
  {
    "testCase": "K-ForExprWithout-57",
    "outcome": "false-negative",
    "expectedCode": "XPST0003",
    "got": []
  },
  {
    "testCase": "K-ForExprWithout-58",
    "outcome": "false-negative",
    "expectedCode": "XPST0003",
    "got": []
  },
  {
    "testCase": "ForExprType011",
    "outcome": "false-negative",
    "expectedCode": "XPST0051",
    "got": []
  },
  {
    "testCase": "ForExprType045",
    "outcome": "false-negative",
    "expectedCode": "XPST0051",
    "got": []
  },
  {
    "testCase": "ForExprType047",
    "outcome": "false-negative",
    "expectedCode": "XPST0051",
    "got": []
  }
]