[
  {
    "testCase": "inline-fn-005",
    "outcome": "false-positive",
    "expectedCode": "XPDY0002",
    "got": [
      "XPDY0002"
    ]
  },
  {
    "testCase": "inline-fn-038",
    "outcome": "false-positive",
    "expectedCode": null,
    "got": [
      "XPST0003"
    ]
  },
  {
    "testCase": "inline-fn-039",
    "outcome": "false-positive",
    "expectedCode": null,
    "got": [
      "XPST0003"
    ]
  }
]