[
  {
    "testCase": "vardeclerr-3",
    "outcome": "false-negative",
    "expectedCode": "XPST0008",
    "got": []
  },
  {
    "testCase": "K2-InternalVariablesWithout-12",
    "outcome": "false-negative",
    "expectedCode": "XPST0017",
    "got": []
  },
  {
    "testCase": "K2-InternalVariablesWithout-14",
    "outcome": "false-positive",
    "expectedCode": "XPDY0002",
    "got": [
      "XPDY0002"
    ]
  },
  {
    "testCase": "vardeclwithtype-12",
    "outcome": "false-negative",
    "expectedCode": "XQST0049",
    "got": []
  },
  {
    "testCase": "vardeclwithtype-18",
    "outcome": "false-negative",
    "expectedCode": "XQST0049",
    "got": []
  },
  {
    "testCase": "K-InternalVariablesWith-15b",
    "outcome": "false-negative",
    "expectedCode": "XPST0008",
    "got": []
  }
]