[
  {
    "testCase": "K-QuantExprWithout-62",
    "outcome": "false-negative",
    "expectedCode": "XPST0008",
    "got": []
  },
  {
    "testCase": "K-QuantExprWithout-63",
    "outcome": "false-negative",
    "expectedCode": "XPST0008",
    "got": []
  },
  {
    "testCase": "K-QuantExprWithout-76",
    "outcome": "false-negative",
    "expectedCode": "XPST0008",
    "got": []
  },
  {
    "testCase": "K-QuantExprWithout-77",
    "outcome": "false-negative",
    "expectedCode": "XPST0008",
    "got": []
  },
  {
    "testCase": "K-QuantExprWithout-78",
    "outcome": "false-negative",
    "expectedCode": "XPST0008",
    "got": []
  },
  {
    "testCase": "K-QuantExprWithout-79",
    "outcome": "false-negative",
    "expectedCode": "XPST0008",
    "got": []
  },
  {
    "testCase": "K-QuantExprWithout-80",
    "outcome": "false-negative",
    "expectedCode": "XPST0008",
    "got": []
  },
  {
    "testCase": "K-QuantExprWithout-81",
    "outcome": "false-negative",
    "expectedCode": "XPST0008",
    "got": []
  },
  {
    "testCase": "K-QuantExprWithout-82",
    "outcome": "false-negative",
    "expectedCode": "XPST0008",
    "got": []
  },
  {
    "testCase": "K-QuantExprWithout-83",
    "outcome": "false-negative",
    "expectedCode": "XPST0008",
    "got": []
  },
  {
    "testCase": "K-QuantExprWithout-84",
    "outcome": "false-negative",
    "expectedCode": "XPST0008",
    "got": []
  },
  {
    "testCase": "K-QuantExprWithout-85",
    "outcome": "false-negative",
    "expectedCode": "XPST0008",
    "got": []
  },
  {
    "testCase": "K-QuantExprWithout-86",
    "outcome": "false-negative",
    "expectedCode": "XPST0008",
    "got": []
  }
]