[
  {
    "testCase": "fn-put-003",
    "outcome": "false-positive",
    "expectedCode": null,
    "got": [
      "XPTY0004"
    ]
  },
  {
    "testCase": "fn-put-003-fail",
    "outcome": "false-positive",
    "expectedCode": "FOUP0001",
    "got": [
      "XPTY0004"
    ]
  },
  {
    "testCase": "fn-put-006",
    "outcome": "false-positive",
    "expectedCode": null,
    "got": [
      "XPTY0004"
    ]
  },
  {
    "testCase": "fn-put-006-fail",
    "outcome": "false-positive",
    "expectedCode": "FOUP0001",
    "got": [
      "XPTY0004"
    ]
  }
]