[
  {
    "testCase": "id-comma-expr-029",
    "outcome": "false-positive",
    "expectedCode": null,
    "got": [
      "XPST0008"
    ]
  },
  {
    "testCase": "id-comma-expr-030",
    "outcome": "false-positive",
    "expectedCode": null,
    "got": [
      "XPST0008"
    ]
  },
  {
    "testCase": "id-comma-expr-031",
    "outcome": "false-positive",
    "expectedCode": null,
    "got": [
      "XPST0008"
    ]
  },
  {
    "testCase": "id-comma-expr-032",
    "outcome": "false-positive",
    "expectedCode": "FOER0000",
    "got": [
      "XPST0008"
    ]
  },
  {
    "testCase": "id-comma-expr-033",
    "outcome": "false-positive",
    "expectedCode": "FOER0000",
    "got": [
      "XPST0008"
    ]
  },
  {
    "testCase": "id-comma-expr-034",
    "outcome": "false-positive",
    "expectedCode": null,
    "got": [
      "XPST0008"
    ]
  },
  {
    "testCase": "id-comma-expr-035",
    "outcome": "false-positive",
    "expectedCode": null,
    "got": [
      "XPST0008"
    ]
  }
]