[
  {
    "testCase": "id-transform-expr-002",
    "outcome": "false-positive",
    "expectedCode": null,
    "got": [
      "XPST0008"
    ]
  },
  {
    "testCase": "id-transform-expr-003",
    "outcome": "false-positive",
    "expectedCode": null,
    "got": [
      "XPST0008"
    ]
  },
  {
    "testCase": "id-transform-expr-004",
    "outcome": "false-positive",
    "expectedCode": null,
    "got": [
      "XPST0008"
    ]
  },
  {
    "testCase": "id-transform-expr-005",
    "outcome": "false-positive",
    "expectedCode": null,
    "got": [
      "XPST0008"
    ]
  },
  {
    "testCase": "id-transform-expr-006",
    "outcome": "false-positive",
    "expectedCode": "XUTY0013",
    "got": [
      "XPST0008"
    ]
  },
  {
    "testCase": "id-transform-expr-007",
    "outcome": "false-positive",
    "expectedCode": null,
    "got": [
      "XPST0008"
    ]
  },
  {
    "testCase": "id-transform-expr-008",
    "outcome": "false-positive",
    "expectedCode": null,
    "got": [
      "XPST0008"
    ]
  },
  {
    "testCase": "id-transform-expr-009",
    "outcome": "false-positive",
    "expectedCode": "FOER0000",
    "got": [
      "XPST0008"
    ]
  },
  {
    "testCase": "id-transform-expr-010",
    "outcome": "false-positive",
    "expectedCode": null,
    "got": [
      "XPST0008"
    ]
  },
  {
    "testCase": "id-transform-expr-011",
    "outcome": "false-positive",
    "expectedCode": null,
    "got": [
      "XPST0008"
    ]
  },
  {
    "testCase": "id-transform-expr-012",
    "outcome": "false-positive",
    "expectedCode": "XUST0001",
    "got": [
      "XPST0008"
    ]
  },
  {
    "testCase": "id-transform-expr-013",
    "outcome": "false-positive",
    "expectedCode": "XUST0002",
    "got": [
      "XPST0008"
    ]
  },
  {
    "testCase": "id-transform-expr-014",
    "outcome": "false-positive",
    "expectedCode": "XUST0001",
    "got": [
      "XPST0008"
    ]
  },
  {
    "testCase": "id-transform-expr-015",
    "outcome": "false-positive",
    "expectedCode": "XUDY0014",
    "got": [
      "XPST0008"
    ]
  },
  {
    "testCase": "id-transform-expr-016",
    "outcome": "false-positive",
    "expectedCode": null,
    "got": [
      "XPST0008"
    ]
  },
  {
    "testCase": "id-transform-expr-017",
    "outcome": "false-positive",
    "expectedCode": null,
    "got": [
      "XPST0008"
    ]
  },
  {
    "testCase": "id-transform-expr-018",
    "outcome": "false-positive",
    "expectedCode": "XUST0002",
    "got": [
      "XPST0008"
    ]
  },
  {
    "testCase": "id-transform-expr-019",
    "outcome": "false-positive",
    "expectedCode": "XUDY0015",
    "got": [
      "XPST0008"
    ]
  },
  {
    "testCase": "id-transform-expr-020",
    "outcome": "false-positive",
    "expectedCode": "XUDY0016",
    "got": [
      "XPST0008"
    ]
  },
  {
    "testCase": "id-transform-expr-021",
    "outcome": "false-positive",
    "expectedCode": "XUDY0015",
    "got": [
      "XPST0008"
    ]
  },
  {
    "testCase": "id-transform-expr-022",
    "outcome": "false-positive",
    "expectedCode": "XUDY0016",
    "got": [
      "XPST0008"
    ]
  },
  {
    "testCase": "id-transform-expr-023",
    "outcome": "false-positive",
    "expectedCode": "XUDY0017",
    "got": [
      "XPST0008"
    ]
  },
  {
    "testCase": "id-transform-expr-024",
    "outcome": "false-positive",
    "expectedCode": "XUDY0017",
    "got": [
      "XPST0008"
    ]
  },
  {
    "testCase": "id-transform-expr-025",
    "outcome": "false-positive",
    "expectedCode": null,
    "got": [
      "XPST0008"
    ]
  },
  {
    "testCase": "id-transform-expr-026",
    "outcome": "false-positive",
    "expectedCode": "XUTY0013",
    "got": [
      "XPST0008"
    ]
  },
  {
    "testCase": "id-transform-expr-027",
    "outcome": "false-positive",
    "expectedCode": "XUTY0013",
    "got": [
      "XPST0008"
    ]
  },
  {
    "testCase": "id-transform-expr-028",
    "outcome": "false-positive",
    "expectedCode": null,
    "got": [
      "XPST0008"
    ]
  },
  {
    "testCase": "id-transform-expr-029",
    "outcome": "false-positive",
    "expectedCode": null,
    "got": [
      "XPST0008"
    ]
  },
  {
    "testCase": "id-transform-expr-030",
    "outcome": "false-positive",
    "expectedCode": null,
    "got": [
      "XPST0008"
    ]
  },
  {
    "testCase": "id-transform-expr-031",
    "outcome": "false-positive",
    "expectedCode": null,
    "got": [
      "XPST0008"
    ]
  },
  {
    "testCase": "id-transform-expr-032",
    "outcome": "false-positive",
    "expectedCode": "XUTY0013",
    "got": [
      "XPST0008"
    ]
  },
  {
    "testCase": "id-transform-expr-033",
    "outcome": "false-positive",
    "expectedCode": null,
    "got": [
      "XPST0008"
    ]
  },
  {
    "testCase": "id-transform-expr-034",
    "outcome": "false-positive",
    "expectedCode": null,
    "got": [
      "XPST0008"
    ]
  },
  {
    "testCase": "id-transform-expr-035",
    "outcome": "false-positive",
    "expectedCode": null,
    "got": [
      "XPST0008"
    ]
  },
  {
    "testCase": "id-transform-expr-036",
    "outcome": "false-positive",
    "expectedCode": null,
    "got": [
      "XPST0008"
    ]
  },
  {
    "testCase": "id-transform-expr-037",
    "outcome": "false-positive",
    "expectedCode": null,
    "got": [
      "XPST0008"
    ]
  },
  {
    "testCase": "id-transform-expr-038",
    "outcome": "false-positive",
    "expectedCode": null,
    "got": [
      "XPST0008"
    ]
  },
  {
    "testCase": "id-transform-expr-039",
    "outcome": "false-positive",
    "expectedCode": null,
    "got": [
      "XPST0008"
    ]
  },
  {
    "testCase": "id-transform-expr-040",
    "outcome": "false-positive",
    "expectedCode": null,
    "got": [
      "XPST0008"
    ]
  },
  {
    "testCase": "id-transform-expr-041",
    "outcome": "false-positive",
    "expectedCode": null,
    "got": [
      "XPST0008"
    ]
  },
  {
    "testCase": "id-transform-expr-042",
    "outcome": "false-positive",
    "expectedCode": null,
    "got": [
      "XPST0008"
    ]
  },
  {
    "testCase": "id-transform-expr-043",
    "outcome": "false-positive",
    "expectedCode": null,
    "got": [
      "XPST0008"
    ]
  },
  {
    "testCase": "id-transform-expr-044",
    "outcome": "false-positive",
    "expectedCode": null,
    "got": [
      "XPST0008"
    ]
  },
  {
    "testCase": "id-transform-expr-045",
    "outcome": "false-positive",
    "expectedCode": null,
    "got": [
      "XPST0008"
    ]
  },
  {
    "testCase": "id-transform-expr-046",
    "outcome": "false-positive",
    "expectedCode": null,
    "got": [
      "XPST0008"
    ]
  },
  {
    "testCase": "id-transform-expr-047",
    "outcome": "false-positive",
    "expectedCode": null,
    "got": [
      "XPST0008"
    ]
  },
  {
    "testCase": "id-transform-expr-048",
    "outcome": "false-positive",
    "expectedCode": null,
    "got": [
      "XPST0008"
    ]
  },
  {
    "testCase": "id-transform-expr-049",
    "outcome": "false-positive",
    "expectedCode": null,
    "got": [
      "XPST0008"
    ]
  },
  {
    "testCase": "id-transform-expr-050",
    "outcome": "false-positive",
    "expectedCode": null,
    "got": [
      "XPST0008"
    ]
  },
  {
    "testCase": "id-transform-expr-051",
    "outcome": "false-positive",
    "expectedCode": null,
    "got": [
      "XPST0008"
    ]
  },
  {
    "testCase": "id-transform-expr-052",
    "outcome": "false-positive",
    "expectedCode": null,
    "got": [
      "XPST0008"
    ]
  },
  {
    "testCase": "id-transform-expr-053",
    "outcome": "false-positive",
    "expectedCode": null,
    "got": [
      "XPST0008"
    ]
  },
  {
    "testCase": "id-transform-expr-054",
    "outcome": "false-positive",
    "expectedCode": null,
    "got": [
      "XPST0008"
    ]
  },
  {
    "testCase": "id-transform-expr-055",
    "outcome": "false-positive",
    "expectedCode": "XUDY0015",
    "got": [
      "XPST0008"
    ]
  },
  {
    "testCase": "id-transform-expr-056",
    "outcome": "false-positive",
    "expectedCode": "XUDY0015",
    "got": [
      "XPST0008"
    ]
  },
  {
    "testCase": "id-transform-expr-057",
    "outcome": "false-positive",
    "expectedCode": "XUDY0016",
    "got": [
      "XPST0008"
    ]
  },
  {
    "testCase": "id-transform-expr-058",
    "outcome": "false-positive",
    "expectedCode": "XUDY0017",
    "got": [
      "XPST0008"
    ]
  }
]